<html>
<body>
<pre>
<h1>µVision Build Log</h1>
<h2>Project:</h2>
M:\Project\Yue\Code\Project\MagScanner_Master.uvproj
Project File Date:  08/17/2014

<h2>Output:</h2>
Rebuild target 'MagScanner_Master'
compiling core_cm3.c...
compiling system_stm32f10x.c...
assembling startup_stm32f10x_md.s...
compiling misc.c...
compiling stm32f10x_flash.c...
compiling stm32f10x_gpio.c...
compiling stm32f10x_i2c.c...
compiling stm32f10x_rcc.c...
compiling stm32f10x_tim.c...
compiling stm32f10x_usart.c...
compiling stm32f10x_bkp.c...
compiling stm32f10x_pwr.c...
compiling stm32f10x_adc.c...
compiling stm32f10x_dma.c...
compiling usb_core.c...
compiling usb_init.c...
compiling usb_int.c...
compiling usb_mem.c...
compiling usb_regs.c...
compiling usb_sil.c...
compiling hw_config.c...
compiling usb_desc.c...
compiling usb_endp.c...
compiling usb_istr.c...
compiling usb_prop.c...
compiling usb_pwr.c...
compiling Transmit.c...
compiling Flash.c...
compiling I2C.c...
compiling T12864C012.c...
compiling MMC3xxx.c...
compiling main.c...
..\User\StmSrc\main.c(79): warning:  #177-D: variable "i" was declared but never referenced
..\User\StmSrc\main.c(79): warning:  #177-D: variable "j" was declared but never referenced
compiling stm32f10x_it.c...
compiling Stm32Config.c...
compiling delay.c...
..\User\StmSrc\delay.c(58): warning:  #1-D: last line of file ends without a newline
compiling TP_LED.c...
..\User\StmSrc\TP_LED.c(71): warning:  #1-D: last line of file ends without a newline
compiling stm32f10x_exti.c...
linking...
Program Size: Code=19244 RO-data=440 RW-data=360 ZI-data=4432  
FromELF: creating hex file...
".\obj\MagScanner_Slave.axf" - 0 Errors, 4 Warning(s).
Load "M:\\Project\\Yue\\Code\\Project\\obj\\MagScanner_Slave.axf" 
Set JLink Project File to "M:\Project\Yue\Code\Project\JLinkSettings.ini"
* JLink Info: Device "STM32F103RB" selected (128 KB flash, 20 KB RAM).
 
JLink info:
------------
DLL: V4.78k, compiled Dec  5 2013 20:27:15
Firmware: J-Link ARM V8 compiled Nov 25 2013 19:20:08
Hardware: V8.00
S/N : 17935099 
Feature(s) : RDI,FlashDL,FlashBP,JFlash 
 
* JLink Info: TotalIRLen = 9, IRPrint = 0x0011
* JLink Info: TotalIRLen = 9, IRPrint = 0x0011
* JLink Info: Found Cortex-M3 r1p1, Little endian.
* JLink Info: FPUnit: 6 code (BP) slots and 2 literal slots
* JLink Info: TPIU fitted.
ROMTableAddr = 0xE00FF003
 
Target info:
------------
Device: STM32F103RB
VTarget = 3.280V
State of Pins: 
TCK: 1, TDI: 0, TDO: 1, TMS: 0, TRES: 1, TRST: 1
Hardware-Breakpoints: 6
Software-Breakpoints: 8192
Watchpoints:          4
JTAG speed: 9600 kHz
 
Erase Done.
Programming Done.
Verify OK.
Application running ...
Rebuild target 'MagScanner_Master'
compiling core_cm3.c...
compiling system_stm32f10x.c...
assembling startup_stm32f10x_md.s...
compiling misc.c...
compiling stm32f10x_flash.c...
compiling stm32f10x_gpio.c...
compiling stm32f10x_i2c.c...
compiling stm32f10x_rcc.c...
compiling stm32f10x_tim.c...
compiling stm32f10x_usart.c...
compiling stm32f10x_bkp.c...
compiling stm32f10x_pwr.c...
compiling stm32f10x_adc.c...
compiling stm32f10x_dma.c...
compiling usb_core.c...
compiling usb_init.c...
compiling usb_int.c...
compiling usb_mem.c...
compiling usb_regs.c...
compiling usb_sil.c...
compiling hw_config.c...
compiling usb_desc.c...
compiling usb_endp.c...
compiling usb_istr.c...
compiling usb_prop.c...
compiling usb_pwr.c...
compiling Transmit.c...
compiling Flash.c...
compiling I2C.c...
compiling T12864C012.c...
compiling MMC3xxx.c...
compiling main.c...
..\User\StmSrc\main.c(79): warning:  #177-D: variable "i" was declared but never referenced
..\User\StmSrc\main.c(79): warning:  #177-D: variable "j" was declared but never referenced
compiling stm32f10x_it.c...
compiling Stm32Config.c...
compiling delay.c...
..\User\StmSrc\delay.c(58): warning:  #1-D: last line of file ends without a newline
compiling TP_LED.c...
..\User\StmSrc\TP_LED.c(71): warning:  #1-D: last line of file ends without a newline
compiling stm32f10x_exti.c...
linking...
Program Size: Code=19240 RO-data=440 RW-data=360 ZI-data=4432  
FromELF: creating hex file...
".\obj\MagScanner_Slave.axf" - 0 Errors, 4 Warning(s).
Load "M:\\Project\\Yue\\Code\\Project\\obj\\MagScanner_Slave.axf" 
Set JLink Project File to "M:\Project\Yue\Code\Project\JLinkSettings.ini"
* JLink Info: Device "STM32F103RB" selected (128 KB flash, 20 KB RAM).
 
JLink info:
------------
DLL: V4.78k, compiled Dec  5 2013 20:27:15
Firmware: J-Link ARM V8 compiled Nov 25 2013 19:20:08
Hardware: V8.00
S/N : 17935099 
Feature(s) : RDI,FlashDL,FlashBP,JFlash 
 
* JLink Info: TotalIRLen = 9, IRPrint = 0x0011
* JLink Info: TotalIRLen = 9, IRPrint = 0x0011
* JLink Info: Found Cortex-M3 r1p1, Little endian.
* JLink Info: FPUnit: 6 code (BP) slots and 2 literal slots
* JLink Info: TPIU fitted.
ROMTableAddr = 0xE00FF003
 
Target info:
------------
Device: STM32F103RB
VTarget = 3.287V
State of Pins: 
TCK: 1, TDI: 0, TDO: 1, TMS: 0, TRES: 1, TRST: 1
Hardware-Breakpoints: 6
Software-Breakpoints: 8192
Watchpoints:          4
JTAG speed: 9600 kHz
 
Erase Done.
Programming Done.
Verify OK.
Application running ...
Rebuild target 'MagScanner_Master'
compiling core_cm3.c...
compiling system_stm32f10x.c...
assembling startup_stm32f10x_md.s...
compiling misc.c...
compiling stm32f10x_flash.c...
compiling stm32f10x_gpio.c...
compiling stm32f10x_i2c.c...
compiling stm32f10x_rcc.c...
compiling stm32f10x_tim.c...
compiling stm32f10x_usart.c...
compiling stm32f10x_bkp.c...
compiling stm32f10x_pwr.c...
compiling stm32f10x_adc.c...
compiling stm32f10x_dma.c...
compiling usb_core.c...
compiling usb_init.c...
compiling usb_int.c...
compiling usb_mem.c...
compiling usb_regs.c...
compiling usb_sil.c...
compiling hw_config.c...
compiling usb_desc.c...
compiling usb_endp.c...
compiling usb_istr.c...
compiling usb_prop.c...
compiling usb_pwr.c...
compiling Transmit.c...
compiling Flash.c...
compiling I2C.c...
compiling T12864C012.c...
compiling MMC3xxx.c...
compiling main.c...
..\User\StmSrc\main.c(98): warning:  #111-D: statement is unreachable
..\User\StmSrc\main.c(79): warning:  #177-D: variable "i" was declared but never referenced
..\User\StmSrc\main.c(79): warning:  #177-D: variable "j" was declared but never referenced
compiling stm32f10x_it.c...
compiling Stm32Config.c...
compiling delay.c...
..\User\StmSrc\delay.c(58): warning:  #1-D: last line of file ends without a newline
compiling TP_LED.c...
..\User\StmSrc\TP_LED.c(71): warning:  #1-D: last line of file ends without a newline
compiling stm32f10x_exti.c...
linking...
Program Size: Code=18886 RO-data=442 RW-data=360 ZI-data=4432  
FromELF: creating hex file...
".\obj\MagScanner_Slave.axf" - 0 Errors, 5 Warning(s).
Load "M:\\Project\\Yue\\Code\\Project\\obj\\MagScanner_Slave.axf" 
Set JLink Project File to "M:\Project\Yue\Code\Project\JLinkSettings.ini"
* JLink Info: Device "STM32F103RB" selected (128 KB flash, 20 KB RAM).
 
JLink info:
------------
DLL: V4.78k, compiled Dec  5 2013 20:27:15
Firmware: J-Link ARM V8 compiled Nov 25 2013 19:20:08
Hardware: V8.00
S/N : 17935099 
Feature(s) : RDI,FlashDL,FlashBP,JFlash 
 
* JLink Info: TotalIRLen = 9, IRPrint = 0x0011
* JLink Info: TotalIRLen = 9, IRPrint = 0x0011
* JLink Info: Found Cortex-M3 r1p1, Little endian.
* JLink Info: FPUnit: 6 code (BP) slots and 2 literal slots
* JLink Info: TPIU fitted.
ROMTableAddr = 0xE00FF003
 
Target info:
------------
Device: STM32F103RB
VTarget = 3.287V
State of Pins: 
TCK: 1, TDI: 0, TDO: 1, TMS: 0, TRES: 1, TRST: 1
Hardware-Breakpoints: 6
Software-Breakpoints: 8192
Watchpoints:          4
JTAG speed: 9600 kHz
 
Erase Done.
Programming Done.
Verify OK.
Application running ...
Rebuild target 'MagScanner_Master'
compiling core_cm3.c...
compiling system_stm32f10x.c...
assembling startup_stm32f10x_md.s...
compiling misc.c...
compiling stm32f10x_flash.c...
compiling stm32f10x_gpio.c...
compiling stm32f10x_i2c.c...
compiling stm32f10x_rcc.c...
compiling stm32f10x_tim.c...
compiling stm32f10x_usart.c...
compiling stm32f10x_bkp.c...
compiling stm32f10x_pwr.c...
compiling stm32f10x_adc.c...
compiling stm32f10x_dma.c...
compiling usb_core.c...
compiling usb_init.c...
compiling usb_int.c...
compiling usb_mem.c...
compiling usb_regs.c...
compiling usb_sil.c...
compiling hw_config.c...
compiling usb_desc.c...
compiling usb_endp.c...
compiling usb_istr.c...
compiling usb_prop.c...
compiling usb_pwr.c...
compiling Transmit.c...
compiling Flash.c...
compiling I2C.c...
compiling T12864C012.c...
compiling MMC3xxx.c...
compiling main.c...
..\User\StmSrc\main.c(98): warning:  #111-D: statement is unreachable
..\User\StmSrc\main.c(79): warning:  #177-D: variable "i" was declared but never referenced
..\User\StmSrc\main.c(79): warning:  #177-D: variable "j" was declared but never referenced
compiling stm32f10x_it.c...
compiling Stm32Config.c...
compiling delay.c...
..\User\StmSrc\delay.c(58): warning:  #1-D: last line of file ends without a newline
compiling TP_LED.c...
..\User\StmSrc\TP_LED.c(71): warning:  #1-D: last line of file ends without a newline
compiling stm32f10x_exti.c...
linking...
Program Size: Code=18858 RO-data=442 RW-data=360 ZI-data=4432  
FromELF: creating hex file...
".\obj\MagScanner_Slave.axf" - 0 Errors, 5 Warning(s).
Rebuild target 'MagScanner_Master'
compiling core_cm3.c...
compiling system_stm32f10x.c...
assembling startup_stm32f10x_md.s...
compiling misc.c...
compiling stm32f10x_flash.c...
compiling stm32f10x_gpio.c...
compiling stm32f10x_i2c.c...
compiling stm32f10x_rcc.c...
compiling stm32f10x_tim.c...
compiling stm32f10x_usart.c...
compiling stm32f10x_bkp.c...
compiling stm32f10x_pwr.c...
compiling stm32f10x_adc.c...
compiling stm32f10x_dma.c...
compiling usb_core.c...
compiling usb_init.c...
compiling usb_int.c...
compiling usb_mem.c...
compiling usb_regs.c...
compiling usb_sil.c...
compiling hw_config.c...
compiling usb_desc.c...
compiling usb_endp.c...
compiling usb_istr.c...
compiling usb_prop.c...
compiling usb_pwr.c...
compiling Transmit.c...
compiling Flash.c...
compiling I2C.c...
compiling T12864C012.c...
compiling MMC3xxx.c...
compiling main.c...
..\User\StmSrc\main.c(98): warning:  #111-D: statement is unreachable
..\User\StmSrc\main.c(79): warning:  #177-D: variable "i" was declared but never referenced
..\User\StmSrc\main.c(79): warning:  #177-D: variable "j" was declared but never referenced
compiling stm32f10x_it.c...
compiling Stm32Config.c...
compiling delay.c...
..\User\StmSrc\delay.c(58): warning:  #1-D: last line of file ends without a newline
compiling TP_LED.c...
..\User\StmSrc\TP_LED.c(71): warning:  #1-D: last line of file ends without a newline
compiling stm32f10x_exti.c...
linking...
Program Size: Code=18890 RO-data=442 RW-data=360 ZI-data=4432  
FromELF: creating hex file...
".\obj\MagScanner_Slave.axf" - 0 Errors, 5 Warning(s).
Load "M:\\Project\\Yue\\Code\\Project\\obj\\MagScanner_Slave.axf" 
Set JLink Project File to "M:\Project\Yue\Code\Project\JLinkSettings.ini"
* JLink Info: Device "STM32F103RB" selected (128 KB flash, 20 KB RAM).
 
JLink info:
------------
DLL: V4.78k, compiled Dec  5 2013 20:27:15
Firmware: J-Link ARM V8 compiled Nov 25 2013 19:20:08
Hardware: V8.00
S/N : 17935099 
Feature(s) : RDI,FlashDL,FlashBP,JFlash 
 
* JLink Info: TotalIRLen = 9, IRPrint = 0x0011
* JLink Info: TotalIRLen = 9, IRPrint = 0x0011
* JLink Info: Found Cortex-M3 r1p1, Little endian.
* JLink Info: FPUnit: 6 code (BP) slots and 2 literal slots
* JLink Info: TPIU fitted.
ROMTableAddr = 0xE00FF003
 
Target info:
------------
Device: STM32F103RB
VTarget = 3.287V
State of Pins: 
TCK: 1, TDI: 0, TDO: 1, TMS: 0, TRES: 1, TRST: 1
Hardware-Breakpoints: 6
Software-Breakpoints: 8192
Watchpoints:          4
JTAG speed: 9600 kHz
 
Erase Done.
Programming Done.
Verify OK.
Application running ...
Build target 'MagScanner_Master'
compiling Stm32Config.c...
linking...
Program Size: Code=18898 RO-data=442 RW-data=360 ZI-data=4432  
FromELF: creating hex file...
".\obj\MagScanner_Slave.axf" - 0 Errors, 0 Warning(s).
Load "M:\\Project\\Yue\\Code\\Project\\obj\\MagScanner_Slave.axf" 
Set JLink Project File to "M:\Project\Yue\Code\Project\JLinkSettings.ini"
* JLink Info: Device "STM32F103RB" selected (128 KB flash, 20 KB RAM).
 
JLink info:
------------
DLL: V4.78k, compiled Dec  5 2013 20:27:15
Firmware: J-Link ARM V8 compiled Nov 25 2013 19:20:08
Hardware: V8.00
S/N : 17935099 
Feature(s) : RDI,FlashDL,FlashBP,JFlash 
 
* JLink Info: TotalIRLen = 9, IRPrint = 0x0011
* JLink Info: TotalIRLen = 9, IRPrint = 0x0011
* JLink Info: Found Cortex-M3 r1p1, Little endian.
* JLink Info: FPUnit: 6 code (BP) slots and 2 literal slots
* JLink Info: TPIU fitted.
ROMTableAddr = 0xE00FF003
 
Target info:
------------
Device: STM32F103RB
VTarget = 3.280V
State of Pins: 
TCK: 1, TDI: 0, TDO: 1, TMS: 0, TRES: 1, TRST: 1
Hardware-Breakpoints: 6
Software-Breakpoints: 8192
Watchpoints:          4
JTAG speed: 9600 kHz
 
Erase Done.
Programming Done.
Verify OK.
Application running ...
Build target 'MagScanner_Master'
linking...
.\obj\MagScanner_Slave.axf: Error: L6218E: Undefined symbol USB_Istr (referred from stm32f10x_it.o).
.\obj\MagScanner_Slave.axf: Error: L6218E: Undefined symbol OPEN_TP_LED_GPIO_RCC (referred from stm32config.o).
.\obj\MagScanner_Slave.axf: Error: L6218E: Undefined symbol TP_LED_GPIO_Configuration (referred from stm32config.o).
".\obj\MagScanner_Slave.axf" - 3 Errors, 0 Warning(s).
Target not created
Build target 'MagScanner_Master'
compiling stm32f10x_it.c...
..\User\inc\main.h(6): error:  #5: cannot open source input file "global.h": No such file or directory
".\obj\MagScanner_Slave.axf" - 1 Errors, 0 Warning(s).
Target not created
Build target 'MagScanner_Master'
compiling main.c...
..\User\inc\stm32f10x_it.h(29): error:  #5: cannot open source input file "Config.h": No such file or directory
compiling stm32f10x_it.c...
..\User\inc\stm32f10x_it.h(29): error:  #5: cannot open source input file "Config.h": No such file or directory
".\obj\MagScanner_Slave.axf" - 2 Errors, 0 Warning(s).
Target not created
Build target 'MagScanner_Master'
compiling main.c...
..\User\StmSrc\main.c(32): error:  #20: identifier "FILE" is undefined
..\User\StmSrc\main.c(36): error:  #20: identifier "USARTx" is undefined
..\User\StmSrc\main.c(82): warning:  #223-D: function "SYSTEM_Configuration" declared implicitly
..\User\StmSrc\main.c(83): warning:  #223-D: function "delay_init" declared implicitly
..\User\StmSrc\main.c(85): warning:  #223-D: function "SYSTEM_Init" declared implicitly
..\User\StmSrc\main.c(87): warning:  #223-D: function "printf" declared implicitly
..\User\StmSrc\main.c(89): warning:  #223-D: function "delay_ms" declared implicitly
..\User\StmSrc\main.c(98): warning:  #111-D: statement is unreachable
..\User\StmSrc\main.c(79): warning:  #177-D: variable "i" was declared but never referenced
..\User\StmSrc\main.c(79): warning:  #177-D: variable "j" was declared but never referenced
compiling stm32f10x_it.c...
..\User\StmSrc\stm32f10x_it.c(229): error:  #20: identifier "USARTx" is undefined
..\User\StmSrc\stm32f10x_it.c(245): error:  #20: identifier "EXTI_LINE_KEY_BUTTON" is undefined
".\obj\MagScanner_Slave.axf" - 4 Errors, 8 Warning(s).
Target not created
Build target 'MagScanner_Master'
compiling main.c...
..\User\inc\stm32Config.h(10): error:  #5: cannot open source input file "TP_LED.h": No such file or directory
compiling stm32f10x_it.c...
..\User\inc\stm32Config.h(10): error:  #5: cannot open source input file "TP_LED.h": No such file or directory
".\obj\MagScanner_Slave.axf" - 2 Errors, 0 Warning(s).
Target not created
Build target 'MagScanner_Master'
compiling main.c...
..\User\StmSrc\main.c(83): warning:  #223-D: function "delay_init" declared implicitly
..\User\StmSrc\main.c(89): warning:  #223-D: function "delay_ms" declared implicitly
..\User\StmSrc\main.c(98): warning:  #111-D: statement is unreachable
..\User\StmSrc\main.c(79): warning:  #177-D: variable "i" was declared but never referenced
..\User\StmSrc\main.c(79): warning:  #177-D: variable "j" was declared but never referenced
compiling stm32f10x_it.c...
compiling Stm32Config.c...
..\User\StmSrc\Stm32Config.c(272): warning:  #223-D: function "OPEN_TP_LED_GPIO_RCC" declared implicitly
..\User\StmSrc\Stm32Config.c(359): warning:  #223-D: function "TP_LED_GPIO_Configuration" declared implicitly
linking...
.\obj\MagScanner_Slave.axf: Error: L6218E: Undefined symbol OPEN_TP_LED_GPIO_RCC (referred from stm32config.o).
.\obj\MagScanner_Slave.axf: Error: L6218E: Undefined symbol TP_LED_GPIO_Configuration (referred from stm32config.o).
".\obj\MagScanner_Slave.axf" - 2 Errors, 7 Warning(s).
Target not created
Build target 'MagScanner_Master'
compiling Stm32Config.c...
..\User\StmSrc\Stm32Config.c(358): warning:  #223-D: function "TP_LED_GPIO_Configuration" declared implicitly
linking...
.\obj\MagScanner_Slave.axf: Error: L6218E: Undefined symbol TP_LED_GPIO_Configuration (referred from stm32config.o).
".\obj\MagScanner_Slave.axf" - 1 Errors, 1 Warning(s).
Target not created
Build target 'MagScanner_Master'
compiling Stm32Config.c...
linking...
Program Size: Code=11096 RO-data=268 RW-data=72 ZI-data=4152  
FromELF: creating hex file...
".\obj\MagScanner_Slave.axf" - 0 Errors, 0 Warning(s).
Load "M:\\Project\\Yue\\Code\\Project\\obj\\MagScanner_Slave.axf" 
Set JLink Project File to "M:\Project\Yue\Code\Project\JLinkSettings.ini"
* JLink Info: Device "STM32F103RB" selected (128 KB flash, 20 KB RAM).
 
JLink info:
------------
DLL: V4.78k, compiled Dec  5 2013 20:27:15
Firmware: J-Link ARM V8 compiled Nov 25 2013 19:20:08
Hardware: V8.00
S/N : 17935099 
Feature(s) : RDI,FlashDL,FlashBP,JFlash 
 
* JLink Info: TotalIRLen = 9, IRPrint = 0x0011
* JLink Info: TotalIRLen = 9, IRPrint = 0x0011
* JLink Info: Found Cortex-M3 r1p1, Little endian.
* JLink Info: FPUnit: 6 code (BP) slots and 2 literal slots
* JLink Info: TPIU fitted.
ROMTableAddr = 0xE00FF003
 
Target info:
------------
Device: STM32F103RB
VTarget = 3.287V
State of Pins: 
TCK: 1, TDI: 0, TDO: 1, TMS: 0, TRES: 1, TRST: 1
Hardware-Breakpoints: 6
Software-Breakpoints: 8192
Watchpoints:          4
JTAG speed: 9600 kHz
 
Erase Done.
Programming Done.
Verify OK.
Application running ...
Build target 'MagScanner_Master'
compiling Stm32Config.c...
linking...
Program Size: Code=11044 RO-data=268 RW-data=72 ZI-data=4152  
FromELF: creating hex file...
".\obj\MagScanner_Slave.axf" - 0 Errors, 0 Warning(s).
Load "M:\\Project\\Yue\\Code\\Project\\obj\\MagScanner_Slave.axf" 
Set JLink Project File to "M:\Project\Yue\Code\Project\JLinkSettings.ini"
* JLink Info: Device "STM32F103RB" selected (128 KB flash, 20 KB RAM).
 
JLink info:
------------
DLL: V4.78k, compiled Dec  5 2013 20:27:15
Firmware: J-Link ARM V8 compiled Nov 25 2013 19:20:08
Hardware: V8.00
S/N : 17935099 
Feature(s) : RDI,FlashDL,FlashBP,JFlash 
 
* JLink Info: TotalIRLen = 9, IRPrint = 0x0011
* JLink Info: TotalIRLen = 9, IRPrint = 0x0011
* JLink Info: Found Cortex-M3 r1p1, Little endian.
* JLink Info: FPUnit: 6 code (BP) slots and 2 literal slots
* JLink Info: TPIU fitted.
ROMTableAddr = 0xE00FF003
 
Target info:
------------
Device: STM32F103RB
VTarget = 3.287V
State of Pins: 
TCK: 1, TDI: 0, TDO: 1, TMS: 0, TRES: 1, TRST: 1
Hardware-Breakpoints: 6
Software-Breakpoints: 8192
Watchpoints:          4
JTAG speed: 9600 kHz
 
Erase Done.
Programming Done.
Verify OK.
Application running ...
Build target 'MagScanner_Master'
compiling Stm32Config.c...
linking...
Program Size: Code=10988 RO-data=268 RW-data=72 ZI-data=4152  
FromELF: creating hex file...
".\obj\MagScanner_Slave.axf" - 0 Errors, 0 Warning(s).
Build target 'MagScanner_Master'
compiling Stm32Config.c...
..\User\StmSrc\Stm32Config.c(323): error:  #79: expected a type specifier
..\User\StmSrc\Stm32Config.c(323): warning:  #77-D: this declaration has no storage class or type specifier
..\User\StmSrc\Stm32Config.c(323): error:  #147: declaration is incompatible with "void DMA_DeInit(DMA_Channel_TypeDef *)" (declared at line 410 of "..\Libraries\STM32F10x_StdPeriph_Driver\inc\stm32f10x_dma.h")
..\User\StmSrc\Stm32Config.c(324): error:  #77-D: this declaration has no storage class or type specifier
..\User\StmSrc\Stm32Config.c(324): error:  #147: declaration is incompatible with "DMA_InitTypeDef DMA_InitStructure" (declared at line 321)
..\User\StmSrc\Stm32Config.c(324): error:  #65: expected a ";"
..\User\StmSrc\Stm32Config.c(325): error:  #77-D: this declaration has no storage class or type specifier
..\User\StmSrc\Stm32Config.c(325): error:  #65: expected a ";"
..\User\StmSrc\Stm32Config.c(326): error:  #77-D: this declaration has no storage class or type specifier
..\User\StmSrc\Stm32Config.c(326): error:  #65: expected a ";"
..\User\StmSrc\Stm32Config.c(329): error:  #77-D: this declaration has no storage class or type specifier
..\User\StmSrc\Stm32Config.c(329): error:  #65: expected a ";"
..\User\StmSrc\Stm32Config.c(330): error:  #77-D: this declaration has no storage class or type specifier
..\User\StmSrc\Stm32Config.c(330): error:  #65: expected a ";"
..\User\StmSrc\Stm32Config.c(331): error:  #77-D: this declaration has no storage class or type specifier
..\User\StmSrc\Stm32Config.c(331): error:  #65: expected a ";"
..\User\StmSrc\Stm32Config.c(332): error:  #77-D: this declaration has no storage class or type specifier
..\User\StmSrc\Stm32Config.c(332): error:  #65: expected a ";"
..\User\StmSrc\Stm32Config.c(333): error:  #77-D: this declaration has no storage class or type specifier
..\User\StmSrc\Stm32Config.c(333): error:  #65: expected a ";"
..\User\StmSrc\Stm32Config.c(335): error:  #77-D: this declaration has no storage class or type specifier
..\User\StmSrc\Stm32Config.c(335): error:  #65: expected a ";"
..\User\StmSrc\Stm32Config.c(336): error:  #77-D: this declaration has no storage class or type specifier
..\User\StmSrc\Stm32Config.c(336): error:  #65: expected a ";"
..\User\StmSrc\Stm32Config.c(337): error:  #77-D: this declaration has no storage class or type specifier
..\User\StmSrc\Stm32Config.c(337): error:  #65: expected a ";"
..\User\StmSrc\Stm32Config.c(338): error:  #79: expected a type specifier
..\User\StmSrc\Stm32Config.c(338): error:  #79: expected a type specifier
..\User\StmSrc\Stm32Config.c(338): warning:  #77-D: this declaration has no storage class or type specifier
..\User\StmSrc\Stm32Config.c(338): error:  #147: declaration is incompatible with "void DMA_Init(DMA_Channel_TypeDef *, DMA_InitTypeDef *)" (declared at line 411 of "..\Libraries\STM32F10x_StdPeriph_Driver\inc\stm32f10x_dma.h")
..\User\StmSrc\Stm32Config.c(340): error:  #79: expected a type specifier
..\User\StmSrc\Stm32Config.c(340): error:  #757: constant "ENABLE" is not a type name
".\obj\MagScanner_Slave.axf" - 30 Errors, 2 Warning(s).
Target not created
Build target 'MagScanner_Master'
compiling Stm32Config.c...
..\User\StmSrc\Stm32Config.c(323): error:  #79: expected a type specifier
..\User\StmSrc\Stm32Config.c(323): warning:  #77-D: this declaration has no storage class or type specifier
..\User\StmSrc\Stm32Config.c(323): error:  #147: declaration is incompatible with "void DMA_DeInit(DMA_Channel_TypeDef *)" (declared at line 410 of "..\Libraries\STM32F10x_StdPeriph_Driver\inc\stm32f10x_dma.h")
..\User\StmSrc\Stm32Config.c(324): error:  #77-D: this declaration has no storage class or type specifier
..\User\StmSrc\Stm32Config.c(324): error:  #147: declaration is incompatible with "DMA_InitTypeDef DMA_InitStructure" (declared at line 321)
..\User\StmSrc\Stm32Config.c(324): error:  #65: expected a ";"
..\User\StmSrc\Stm32Config.c(325): error:  #77-D: this declaration has no storage class or type specifier
..\User\StmSrc\Stm32Config.c(325): error:  #65: expected a ";"
..\User\StmSrc\Stm32Config.c(326): error:  #77-D: this declaration has no storage class or type specifier
..\User\StmSrc\Stm32Config.c(326): error:  #65: expected a ";"
..\User\StmSrc\Stm32Config.c(329): error:  #77-D: this declaration has no storage class or type specifier
..\User\StmSrc\Stm32Config.c(329): error:  #65: expected a ";"
..\User\StmSrc\Stm32Config.c(330): error:  #77-D: this declaration has no storage class or type specifier
..\User\StmSrc\Stm32Config.c(330): error:  #65: expected a ";"
..\User\StmSrc\Stm32Config.c(331): error:  #77-D: this declaration has no storage class or type specifier
..\User\StmSrc\Stm32Config.c(331): error:  #65: expected a ";"
..\User\StmSrc\Stm32Config.c(332): error:  #77-D: this declaration has no storage class or type specifier
..\User\StmSrc\Stm32Config.c(332): error:  #65: expected a ";"
..\User\StmSrc\Stm32Config.c(333): error:  #77-D: this declaration has no storage class or type specifier
..\User\StmSrc\Stm32Config.c(333): error:  #65: expected a ";"
..\User\StmSrc\Stm32Config.c(335): error:  #77-D: this declaration has no storage class or type specifier
..\User\StmSrc\Stm32Config.c(335): error:  #65: expected a ";"
..\User\StmSrc\Stm32Config.c(336): error:  #77-D: this declaration has no storage class or type specifier
..\User\StmSrc\Stm32Config.c(336): error:  #65: expected a ";"
..\User\StmSrc\Stm32Config.c(337): error:  #77-D: this declaration has no storage class or type specifier
..\User\StmSrc\Stm32Config.c(337): error:  #65: expected a ";"
..\User\StmSrc\Stm32Config.c(338): error:  #79: expected a type specifier
..\User\StmSrc\Stm32Config.c(338): error:  #79: expected a type specifier
..\User\StmSrc\Stm32Config.c(338): warning:  #77-D: this declaration has no storage class or type specifier
..\User\StmSrc\Stm32Config.c(338): error:  #147: declaration is incompatible with "void DMA_Init(DMA_Channel_TypeDef *, DMA_InitTypeDef *)" (declared at line 411 of "..\Libraries\STM32F10x_StdPeriph_Driver\inc\stm32f10x_dma.h")
..\User\StmSrc\Stm32Config.c(340): error:  #79: expected a type specifier
..\User\StmSrc\Stm32Config.c(340): error:  #757: constant "ENABLE" is not a type name
".\obj\MagScanner_Slave.axf" - 30 Errors, 2 Warning(s).
Target not created
Build target 'MagScanner_Master'
compiling Stm32Config.c...
linking...
.\obj\MagScanner_Slave.axf: Error: L6218E: Undefined symbol DMA_Configuration (referred from stm32config.o).
".\obj\MagScanner_Slave.axf" - 1 Errors, 0 Warning(s).
Target not created
Build target 'MagScanner_Master'
compiling Stm32Config.c...
linking...
Program Size: Code=8936 RO-data=268 RW-data=72 ZI-data=4128  
FromELF: creating hex file...
".\obj\MagScanner_Slave.axf" - 0 Errors, 0 Warning(s).
Load "M:\\Project\\Yue\\Code\\Project\\obj\\MagScanner_Slave.axf" 
Set JLink Project File to "M:\Project\Yue\Code\Project\JLinkSettings.ini"
* JLink Info: Device "STM32F103RB" selected (128 KB flash, 20 KB RAM).
 
JLink info:
------------
DLL: V4.78k, compiled Dec  5 2013 20:27:15
Firmware: J-Link ARM V8 compiled Nov 25 2013 19:20:08
Hardware: V8.00
S/N : 17935099 
Feature(s) : RDI,FlashDL,FlashBP,JFlash 
 
* JLink Info: TotalIRLen = 9, IRPrint = 0x0011
* JLink Info: TotalIRLen = 9, IRPrint = 0x0011
* JLink Info: Found Cortex-M3 r1p1, Little endian.
* JLink Info: FPUnit: 6 code (BP) slots and 2 literal slots
* JLink Info: TPIU fitted.
ROMTableAddr = 0xE00FF003
 
Target info:
------------
Device: STM32F103RB
VTarget = 3.287V
State of Pins: 
TCK: 1, TDI: 0, TDO: 1, TMS: 0, TRES: 1, TRST: 1
Hardware-Breakpoints: 6
Software-Breakpoints: 8192
Watchpoints:          4
JTAG speed: 9600 kHz
 
Erase Done.
Programming Done.
Verify OK.
Application running ...
Build target 'MagScanner_Master'
compiling core_cm3.c...
compiling system_stm32f10x.c...
assembling startup_stm32f10x_md.s...
compiling misc.c...
compiling stm32f10x_flash.c...
compiling stm32f10x_gpio.c...
compiling stm32f10x_i2c.c...
compiling stm32f10x_rcc.c...
compiling stm32f10x_tim.c...
compiling stm32f10x_usart.c...
compiling stm32f10x_bkp.c...
compiling stm32f10x_pwr.c...
compiling stm32f10x_adc.c...
compiling stm32f10x_dma.c...
compiling main.c...
..\User\StmSrc\main.c(83): warning:  #223-D: function "delay_init" declared implicitly
..\User\StmSrc\main.c(89): warning:  #223-D: function "delay_ms" declared implicitly
..\User\StmSrc\main.c(98): warning:  #111-D: statement is unreachable
..\User\StmSrc\main.c(79): warning:  #177-D: variable "i" was declared but never referenced
..\User\StmSrc\main.c(79): warning:  #177-D: variable "j" was declared but never referenced
compiling stm32f10x_it.c...
compiling Stm32Config.c...
compiling delay.c...
..\User\StmSrc\delay.c(58): warning:  #1-D: last line of file ends without a newline
compiling stm32f10x_exti.c...
linking...
Program Size: Code=8936 RO-data=268 RW-data=72 ZI-data=4128  
FromELF: creating hex file...
".\obj\MagScanner_Slave.axf" - 0 Errors, 6 Warning(s).
Load "M:\\Project\\Yue\\Code\\Project\\obj\\MagScanner_Slave.axf" 
Set JLink Project File to "M:\Project\Yue\Code\Project\JLinkSettings.ini"
* JLink Info: Device "STM32F103RB" selected (128 KB flash, 20 KB RAM).
 
JLink info:
------------
DLL: V4.78k, compiled Dec  5 2013 20:27:15
Firmware: J-Link ARM V8 compiled Nov 25 2013 19:20:08
Hardware: V8.00
S/N : 17935099 
Feature(s) : RDI,FlashDL,FlashBP,JFlash 
 
* JLink Info: TotalIRLen = 9, IRPrint = 0x0011
* JLink Info: TotalIRLen = 9, IRPrint = 0x0011
* JLink Info: Found Cortex-M3 r1p1, Little endian.
* JLink Info: FPUnit: 6 code (BP) slots and 2 literal slots
* JLink Info: TPIU fitted.
ROMTableAddr = 0xE00FF003
 
Target info:
------------
Device: STM32F103RB
VTarget = 3.280V
State of Pins: 
TCK: 1, TDI: 0, TDO: 1, TMS: 0, TRES: 1, TRST: 1
Hardware-Breakpoints: 6
Software-Breakpoints: 8192
Watchpoints:          4
JTAG speed: 9600 kHz
 
Erase Done.
Programming Done.
Verify OK.
Application running ...
Build target 'MagScanner_Master'
compiling main.c...
..\User\StmSrc\main.c(62): warning:  #223-D: function "delay_init" declared implicitly
..\User\StmSrc\main.c(68): warning:  #223-D: function "delay_ms" declared implicitly
..\User\StmSrc\main.c(77): warning:  #111-D: statement is unreachable
..\User\StmSrc\main.c(58): warning:  #177-D: variable "i" was declared but never referenced
..\User\StmSrc\main.c(58): warning:  #177-D: variable "j" was declared but never referenced
linking...
Program Size: Code=8936 RO-data=268 RW-data=72 ZI-data=4128  
FromELF: creating hex file...
".\obj\MagScanner_Slave.axf" - 0 Errors, 5 Warning(s).
Rebuild target 'MagScanner_Master'
compiling core_cm3.c...
compiling system_stm32f10x.c...
assembling startup_stm32f10x_md.s...
compiling misc.c...
compiling stm32f10x_flash.c...
compiling stm32f10x_gpio.c...
compiling stm32f10x_i2c.c...
compiling stm32f10x_rcc.c...
compiling stm32f10x_tim.c...
compiling stm32f10x_usart.c...
compiling stm32f10x_bkp.c...
compiling stm32f10x_pwr.c...
compiling stm32f10x_adc.c...
compiling stm32f10x_dma.c...
compiling main.c...
..\User\StmSrc\main.c(62): warning:  #223-D: function "delay_init" declared implicitly
..\User\StmSrc\main.c(68): warning:  #223-D: function "delay_ms" declared implicitly
..\User\StmSrc\main.c(77): warning:  #111-D: statement is unreachable
..\User\StmSrc\main.c(58): warning:  #177-D: variable "i" was declared but never referenced
..\User\StmSrc\main.c(58): warning:  #177-D: variable "j" was declared but never referenced
compiling stm32f10x_it.c...
compiling Stm32Config.c...
compiling delay.c...
..\User\StmSrc\delay.c(58): warning:  #1-D: last line of file ends without a newline
compiling stm32f10x_exti.c...
linking...
Program Size: Code=8936 RO-data=268 RW-data=72 ZI-data=4128  
FromELF: creating hex file...
".\obj\MagScanner_Slave.axf" - 0 Errors, 6 Warning(s).
Rebuild target 'MagScanner_Master'
compiling core_cm3.c...
compiling system_stm32f10x.c...
assembling startup_stm32f10x_md.s...
compiling misc.c...
compiling stm32f10x_flash.c...
compiling stm32f10x_gpio.c...
compiling stm32f10x_i2c.c...
compiling stm32f10x_rcc.c...
compiling stm32f10x_tim.c...
compiling stm32f10x_usart.c...
compiling stm32f10x_bkp.c...
compiling stm32f10x_pwr.c...
compiling stm32f10x_adc.c...
compiling stm32f10x_dma.c...
compiling main.c...
..\User\StmSrc\main.c(62): warning:  #223-D: function "delay_init" declared implicitly
..\User\StmSrc\main.c(68): warning:  #223-D: function "delay_ms" declared implicitly
..\User\StmSrc\main.c(77): warning:  #111-D: statement is unreachable
..\User\StmSrc\main.c(58): warning:  #177-D: variable "i" was declared but never referenced
..\User\StmSrc\main.c(58): warning:  #177-D: variable "j" was declared but never referenced
compiling stm32f10x_it.c...
compiling Stm32Config.c...
compiling delay.c...
..\User\StmSrc\delay.c(58): warning:  #1-D: last line of file ends without a newline
compiling stm32f10x_exti.c...
linking...
Program Size: Code=8936 RO-data=268 RW-data=72 ZI-data=4128  
FromELF: creating hex file...
".\obj\MagScanner_Slave.axf" - 0 Errors, 6 Warning(s).
Rebuild target 'MagScanner_Master'
compiling core_cm3.c...
compiling system_stm32f10x.c...
assembling startup_stm32f10x_md.s...
compiling misc.c...
compiling stm32f10x_flash.c...
compiling stm32f10x_gpio.c...
compiling stm32f10x_i2c.c...
compiling stm32f10x_rcc.c...
compiling stm32f10x_tim.c...
compiling stm32f10x_usart.c...
compiling stm32f10x_bkp.c...
compiling stm32f10x_pwr.c...
compiling stm32f10x_adc.c...
compiling stm32f10x_dma.c...
compiling main.c...
..\User\StmSrc\main.c(59): warning:  #550-D: variable "dataLenth" was set but never used
compiling stm32f10x_it.c...
compiling Stm32Config.c...
compiling delay.c...
..\User\StmSrc\delay.c(58): warning:  #1-D: last line of file ends without a newline
compiling stm32f10x_exti.c...
linking...
Program Size: Code=9184 RO-data=268 RW-data=68 ZI-data=4132  
FromELF: creating hex file...
".\obj\MagScanner_Slave.axf" - 0 Errors, 2 Warning(s).
